[2025-08-18 01:32:04] 测试开始
[2025-08-18 01:32:04] 执行测试步骤 1：检查模拟数据输出
[2025-08-18 01:32:05] 执行测试步骤 2：检查模拟数据输出
[2025-08-18 01:32:07] 执行测试步骤 3：检查模拟数据输出
[2025-08-18 01:32:08] 执行测试步骤 4：检查模拟数据输出
[2025-08-18 01:32:09] 执行测试步骤 5：检查模拟数据输出
[2025-08-18 01:32:10] 测试结束